======================================================================
英雄无敌游戏测试报告
======================================================================

测试概要:
  总测试数: 109
  成功: 109
  失败: 0
  错误: 0
  跳过: 0
  成功率: 100.0%

======================================================================
测试完成
======================================================================